VCD info: dumpfile waves/pacman_collision.vcd opened for output.
PASS: reset lives=3
PASS: reset pellets=288
PASS: reset score=0
PASS: central addr tracks pacman
PASS: idle no write_en
PASS: idle pellets unchanged
PASS: pellet write_en
PASS: pellet_eaten pulse
PASS: pellets decremented
PASS: score +2
PASS: pellet_eaten clears
PASS: power write_en
PASS: power_pellet_eaten set
PASS: pellets after power
PASS: score +15
PASS: game_tick clears power flag
PASS: dangerous blinky hits
PASS: life lost
PASS: hit held until game_tick
PASS: game_tick clears hit
PASS: pinky eaten flag
PASS: score +50 for ghost
PASS: no double ghost score
PASS: game_tick clears ghost_eaten
PASS: eat blinky under power
PASS: score +50 blinky

pacman_collision_tb: 26 PASS, 0 FAIL
testbench/pacman_collision_tb.sv:227: $finish called at 286000 (1ps)
